// Jest Snapshot v1, https://goo.gl/fbAQLP

exports[`Input Should renders correctly 1`] = `
<DocumentFragment>
  <label
    class="sc-bdfBwQ kxJgqY"
  >
    test title
    <input
      autocomplete="off"
      class="sc-gsTCUz bnRerL"
      data-testid="test name"
      name="test name"
      placeholder="test placeholder"
      type="text"
      value="test value"
    />
  </label>
</DocumentFragment>
`;
